// Jest Snapshot v1, https://goo.gl/fbAQLP

exports[`Testing Missions component Testing with snapshot 1`] = `
<main
  id="missions"
>
  <table
    className="missionTable"
  >
    <thead>
      <tr>
        <th>
          Mission
        </th>
        <th>
          Description
        </th>
        <th>
          Status
        </th>
      </tr>
    </thead>
    <tbody />
  </table>
</main>
`;
